// Jest Snapshot v1, https://goo.gl/fbAQLP

exports[`Results renders correctly 1`] = `
<p
  className="result"
>
  0
</p>
`;
